
> secure-file-share@0.1.0 test
> jest lib/auth/__tests__/jwt.test.ts

node.exe : FAIL lib/auth/__tests__/jwt.test.ts
At C:\Program Files\nodejs\npm.ps1:29 char:3
+   & $NODE_EXE $NPM_CLI_JS $args
+   ~~~~~~~~~~~~~~~~~~~~~~~~~~~~~
    + CategoryInfo          : NotSpecified: (FAIL lib/auth/__tests__/jwt.test.ts:String) [], RemoteException
    + FullyQualifiedErrorId : NativeCommandError
 
  JWT Token Generation & Verification
    generateAccessToken
      ظêأ should generate a valid access token (5 ms)
      ظêأ should include user ID and email in token (2 ms)
    generateRefreshToken
      ظêأ should generate a valid refresh token (2 ms)
      ظêأ should include user ID and email in token (4 ms)
    generateTokenPair
      ظêأ should generate both access and refresh tokens (2 ms)
      ظêأ should generate tokens with correct types (2 ms)
    verifyToken
      ظêأ should verify a valid token (2 ms)
      ظêأ should return null for invalid token (1 ms)
      ظêأ should return null for expired token (1 ms)
      ظêأ should return null for tampered token (1 ms)
    verifyAccessToken
      ظêأ should verify a valid access token (1 ms)
      ظêأ should return null for refresh token (1 ms)
    verifyRefreshToken
      ظêأ should verify a valid refresh token (1 ms)
      ظêأ should return null for access token (2 ms)
    decodeTokenWithoutVerification
      ظêأ should decode a valid token without verification (1 ms)
      ظêأ should return null for invalid token
    getTokenExpirySeconds
      ظêأ should return expiry seconds for valid token (1 ms)
      ظêأ should return null for invalid token
    isTokenExpired
      ظêأ should return false for valid token (1 ms)
      ظêأ should return true for invalid token
    getTokenExpiryDate
      ظêأ should return expiry date for valid token (1 ms)
      ظêأ should return null for invalid token
    Token Generation Properties
      ├ù should generate different tokens on different calls (27 ms)
      ظêأ should always include user ID and email in token (3 ms)
      ظêأ should always verify tokens immediately after generation (6 ms)

  ظù JWT Token Generation & Verification ظ║ Token Generation Properties ظ║ should generate different tokens on different calls

    expect(received).not.toBe(expected) // Object.is equality

    Expected: not "eyJhbGciOiJIUzI1NiIsInR5cCI6IkpXVCJ9.eyJ1c2VySWQiOiJ0ZXN0LXVzZXItMTIzIiwiZW1haWwiOiJ0ZXN0QGV4YW1wbGUuY29tIiwidHlwZSI6ImFjY2VzcyIsImlhdCI6MTc3
MjI5MjM4MCwiZXhwIjoxNzcyMjkzMjgwfQ.fRjge3NPKQk4DJcX-6IScCV1d0oIB4L_QzlF8K8KKU0"

    [0m [90m 236 |[39m       [36mconst[39m token2 [33m=[39m generateAccessToken(testUserId[33m,[39m testEmail)[33m;[39m
     [90m 237 |[39m
    [31m[1m>[22m[39m[90m 238 |[39m       expect(token1)[33m.[39mnot[33m.[39mtoBe(token2)[33m;[39m
     [90m     |[39m                          [31m[1m^[22m[39m
     [90m 239 |[39m     })[33m;[39m
     [90m 240 |[39m
     [90m 241 |[39m     it([32m'should always include user ID and email in token'[39m[33m,[39m () [33m=>[39m {[0m

      at Object.toBe (lib/auth/__tests__/jwt.test.ts:238:26)

Test Suites: 1 failed, 1 total
Tests:       1 failed, 24 passed, 25 total
Snapshots:   0 total
Time:        0.9 s, estimated 1 s
Ran all test suites matching /lib\\auth\\__tests__\\jwt.test.ts/i.
